
> yjob@0.1.0 build
> next build

??Next.js 16.1.6 (Turbopack)
- Environments: .env.local

  Creating an optimized production build ...
node.exe : 
位於 線路:1 字元:1
+ & "C:\Program Files\nodejs/
node.exe" "C:\Program Files\n
odejs/node_mo ...
+ ~~~~~~~~~~~~~~~~~~~~~~~~~~~
~~~~~~~~~~~~~~~~~~~~~~~~~~~~~
~~~~~~~~~~~~~
    + CategoryInfo           
   : NotSpecified: (:String  
  ) [], RemoteException
    + FullyQualifiedErrorId  
   : NativeCommandError
 
> Build error occurred
Error: Turbopack build failed
 with 2 errors:
./lib/repositories/schedules.
ts:1:1
Ecmascript file had an error
[0m[31m[1m>[22m[39m[90m
 1 |[39m [36mimport[39m [
32m'server-only'[39m
 [90m   |[39m [31m[1m^[2
2m[39m[31m[1m^[22m[39m[
31m[1m^[22m[39m[31m[1m^
[22m[39m[31m[1m^[22m[39m
[31m[1m^[22m[39m[31m[1m
^[22m[39m[31m[1m^[22m[3
9m[31m[1m^[22m[39m[31m[
1m^[22m[39m[31m[1m^[22m
[39m[31m[1m^[22m[39m[31m
[1m^[22m[39m[31m[1m^[22
m[39m[31m[1m^[22m[39m[3
1m[1m^[22m[39m[31m[1m^[
22m[39m[31m[1m^[22m[39m
[31m[1m^[22m[39m[31m[1m^
[22m[39m
 [90m 2 |[39m
 [90m 3 |[39m [36mimport[
39m { createAdminClient } [3
6mfrom[39m [32m'../supabase
/admin'[39m
 [90m 4 |[39m [36mimport[
39m { [33mDailySchedule[39m
 } [36mfrom[39m [32m'../ty
pes/database'[39m[0m

You're importing a component 
that needs "server-only". Tha
t only works in a Server Comp
onent which is not supported 
in the pages/ directory. Read
 more: https://nextjs.org/doc
s/app/building-your-applicati
on/rendering/server-component
s



Import traces:
  Server Component:
    ./lib/repositories/schedu
les.ts
    ./app/schedule/actions.ts

  Client Component Browser:
    ./lib/repositories/schedu
les.ts [Client Component Brow
ser]
    ./app/schedule/components
/ScheduleModal.tsx [Client Co
mponent Browser]
    ./app/schedule/components
/WeeklyView.tsx [Client Compo
nent Browser]
    ./app/schedule/page.tsx [
Client Component Browser]
    ./app/schedule/page.tsx [
Server Component]

  Client Component SSR:
    ./lib/repositories/schedu
les.ts [Client Component SSR]
    ./app/schedule/components
/ScheduleModal.tsx [Client Co
mponent SSR]
    ./app/schedule/components
/WeeklyView.tsx [Client Compo
nent SSR]
    ./app/schedule/page.tsx [
Client Component SSR]
    ./app/schedule/page.tsx [
Server Component]


./lib/repositories
Invalid import
'server-only' cannot be impor
ted from a Client Component m
odule. It should only be used
 from a Server Component.
The error was caused by impor
ting 'lib/repositories'



    at <unknown> (./lib/repos
itories/schedules.ts:1:1)
